2026-08-23 22:23:28.894 INFO  [main] RUN - Allure history injected.
2026-08-23 22:23:31.018 INFO  [main] RUN - Suite finished: Appium CSV Non-Parallel
2026-08-23 22:24:33.700 INFO  [main] RUN - Allure history injected.
2026-08-23 22:24:35.965 INFO  [main] RUN - Suite finished: Appium CSV Non-Parallel
2026-08-23 22:27:31.977 INFO  [main] RUN - Allure history injected.
2026-08-23 22:28:19.042 INFO  [main] RUN - [emulator-5554] environment.properties written/updated.
2026-08-23 22:28:20.393 INFO  [main] RUN - [emulator-5554] Screen recording started.
2026-08-23 22:28:26.882 INFO  [main] RUN - [emulator-5554] Recording discarded (status: SUCCESS): testLoginFixed
2026-08-23 22:28:48.534 INFO  [main] RUN - [emulator-5554] environment.properties up-to-date (skip duplicate).
2026-08-23 22:28:50.083 INFO  [main] RUN - [emulator-5554] Screen recording started.
2026-08-23 22:28:54.351 INFO  [main] RUN - [emulator-5554] Recording discarded (status: SUCCESS): testLoginFixed
2026-08-23 22:29:12.774 INFO  [main] RUN - [emulator-5554] environment.properties up-to-date (skip duplicate).
2026-08-23 22:29:14.329 INFO  [main] RUN - [emulator-5554] Screen recording started.
2026-08-23 22:29:18.583 INFO  [main] RUN - [emulator-5554] Recording discarded (status: SUCCESS): testLoginFixed
2026-08-23 22:29:37.881 INFO  [main] RUN - [emulator-5554] environment.properties up-to-date (skip duplicate).
2026-08-23 22:29:38.947 INFO  [main] RUN - [emulator-5554] Screen recording started.
2026-08-23 22:29:44.184 INFO  [main] RUN - [emulator-5554] Recording discarded (status: SUCCESS): testLoginFixed
2026-08-23 22:30:03.347 INFO  [main] RUN - [emulator-5554] environment.properties up-to-date (skip duplicate).
2026-08-23 22:30:04.412 INFO  [main] RUN - [emulator-5554] Screen recording started.
2026-08-23 22:30:10.620 INFO  [main] RUN - [emulator-5554] Recording discarded (status: SUCCESS): testLoginFixed
2026-08-23 22:30:27.871 INFO  [main] RUN - [emulator-5554] environment.properties up-to-date (skip duplicate).
2026-08-23 22:30:28.981 INFO  [main] RUN - [emulator-5554] Screen recording started.
2026-08-23 22:30:40.036 INFO  [main] RUN - [emulator-5554] Failure screenshot saved: C:\Projects\APPIUM JAVA SAUCE LABS\media\emulator-5554\screenshots\tests.Test2_testCheckoutFlow_T3_1787504439649_shot_FAIL.png
2026-08-23 22:30:41.637 INFO  [main] RUN - [emulator-5554] Recording saved: C:\Projects\APPIUM JAVA SAUCE LABS\media\emulator-5554\videos\tests.Test2_testCheckoutFlow_T3_1787504441610_video.mp4
2026-08-23 22:30:41.678 INFO  [main] RUN - Run log attached: C:\Projects\APPIUM JAVA SAUCE LABS\logs\test-run.log
2026-08-23 22:30:42.657 INFO  [main] RUN - Suite finished: Appium CSV Non-Parallel
2026-08-23 22:41:57.285 INFO  [main] RUN - Allure history injected.
2026-08-23 22:42:06.246 INFO  [main] RUN - [emulator-5554] environment.properties up-to-date (skip duplicate).
2026-08-23 22:42:06.946 INFO  [main] RUN - [emulator-5554] Screen recording started.
2026-08-23 22:42:10.183 INFO  [main] RUN - [emulator-5554] Recording discarded (status: SUCCESS): testLoginFixed
2026-08-23 22:42:18.101 INFO  [main] RUN - [emulator-5554] environment.properties up-to-date (skip duplicate).
2026-08-23 22:42:18.775 INFO  [main] RUN - [emulator-5554] Screen recording started.
2026-08-23 22:42:20.720 INFO  [main] RUN - [emulator-5554] Recording discarded (status: SUCCESS): testLoginFixed
2026-08-23 22:42:28.621 INFO  [main] RUN - [emulator-5554] environment.properties up-to-date (skip duplicate).
2026-08-23 22:42:29.317 INFO  [main] RUN - [emulator-5554] Screen recording started.
2026-08-23 22:42:31.481 INFO  [main] RUN - [emulator-5554] Recording discarded (status: SUCCESS): testLoginFixed
2026-08-23 22:42:40.611 INFO  [main] RUN - [emulator-5554] environment.properties up-to-date (skip duplicate).
2026-08-23 22:42:41.290 INFO  [main] RUN - [emulator-5554] Screen recording started.
2026-08-23 22:42:43.532 INFO  [main] RUN - [emulator-5554] Recording discarded (status: SUCCESS): testLoginFixed
2026-08-23 22:42:53.514 INFO  [main] RUN - [emulator-5554] environment.properties up-to-date (skip duplicate).
2026-08-23 22:42:54.311 INFO  [main] RUN - [emulator-5554] Screen recording started.
2026-08-23 22:42:58.093 INFO  [main] RUN - [emulator-5554] Recording discarded (status: SUCCESS): testLoginFixed
2026-08-23 22:43:07.443 INFO  [main] RUN - [emulator-5554] environment.properties up-to-date (skip duplicate).
2026-08-23 22:43:08.157 INFO  [main] RUN - [emulator-5554] Screen recording started.
2026-08-23 22:43:18.662 INFO  [main] RUN - [emulator-5554] Failure screenshot saved: C:\Projects\APPIUM JAVA SAUCE LABS\media\emulator-5554\screenshots\tests.Test2_testCheckoutFlow_T3_1787505198370_shot_FAIL.png
2026-08-23 22:43:19.786 INFO  [main] RUN - [emulator-5554] Recording saved: C:\Projects\APPIUM JAVA SAUCE LABS\media\emulator-5554\videos\tests.Test2_testCheckoutFlow_T3_1787505199764_video.mp4
2026-08-23 22:43:19.808 INFO  [main] RUN - Run log attached: C:\Projects\APPIUM JAVA SAUCE LABS\logs\test-run.log
2026-08-23 22:43:20.357 INFO  [main] RUN - Suite finished: Appium CSV Non-Parallel
2026-08-23 22:47:07.198 INFO  [main] RUN - Allure history injected.
2026-08-23 22:47:16.964 INFO  [main] RUN - [emulator-5554] environment.properties up-to-date (skip duplicate).
2026-08-23 22:47:17.594 INFO  [main] RUN - [emulator-5554] Screen recording started.
2026-08-23 22:47:20.896 INFO  [main] RUN - [emulator-5554] Recording discarded (status: SUCCESS): testLoginFixed
2026-08-23 22:47:30.011 INFO  [main] RUN - [emulator-5554] environment.properties up-to-date (skip duplicate).
2026-08-23 22:47:30.744 INFO  [main] RUN - [emulator-5554] Screen recording started.
2026-08-23 22:47:33.053 INFO  [main] RUN - [emulator-5554] Recording discarded (status: SUCCESS): testLoginFixed
2026-08-23 22:47:41.581 INFO  [main] RUN - [emulator-5554] environment.properties up-to-date (skip duplicate).
2026-08-23 22:47:42.260 INFO  [main] RUN - [emulator-5554] Screen recording started.
2026-08-23 22:47:44.465 INFO  [main] RUN - [emulator-5554] Recording discarded (status: SUCCESS): testLoginFixed
2026-08-23 22:47:53.476 INFO  [main] RUN - [emulator-5554] environment.properties up-to-date (skip duplicate).
2026-08-23 22:47:54.201 INFO  [main] RUN - [emulator-5554] Screen recording started.
2026-08-23 22:47:56.814 INFO  [main] RUN - [emulator-5554] Recording discarded (status: SUCCESS): testLoginFixed
2026-08-23 22:48:05.323 INFO  [main] RUN - [emulator-5554] environment.properties up-to-date (skip duplicate).
2026-08-23 22:48:06.058 INFO  [main] RUN - [emulator-5554] Screen recording started.
2026-08-23 22:48:08.961 INFO  [main] RUN - [emulator-5554] Recording discarded (status: SUCCESS): testLoginFixed
2026-08-23 22:48:16.328 INFO  [main] RUN - [emulator-5554] environment.properties up-to-date (skip duplicate).
2026-08-23 22:48:16.947 INFO  [main] RUN - [emulator-5554] Screen recording started.
2026-08-23 22:48:35.974 INFO  [main] RUN - [emulator-5554] Recording discarded (status: SUCCESS): testCheckoutFlow
2026-08-23 22:48:36.776 INFO  [main] RUN - Suite finished: Appium CSV Non-Parallel
2026-08-23 23:01:00.200 INFO  [main] RUN - Allure history injected.
2026-08-23 23:01:22.349 INFO  [main] RUN - [emulator-5554] environment.properties up-to-date (skip duplicate).
2026-08-23 23:01:22.992 INFO  [main] RUN - [emulator-5554] Screen recording started.
2026-08-23 23:01:26.371 INFO  [main] RUN - [emulator-5554] Recording discarded (status: SUCCESS): testLoginFixed
2026-08-23 23:01:35.921 INFO  [main] RUN - [emulator-5554] environment.properties up-to-date (skip duplicate).
2026-08-23 23:01:36.704 INFO  [main] RUN - [emulator-5554] Screen recording started.
2026-08-23 23:01:39.124 INFO  [main] RUN - [emulator-5554] Recording discarded (status: SUCCESS): testLoginFixed
2026-08-23 23:01:48.219 INFO  [main] RUN - [emulator-5554] environment.properties up-to-date (skip duplicate).
2026-08-23 23:01:48.959 INFO  [main] RUN - [emulator-5554] Screen recording started.
2026-08-23 23:01:51.347 INFO  [main] RUN - [emulator-5554] Recording discarded (status: SUCCESS): testLoginFixed
2026-08-23 23:02:00.293 INFO  [main] RUN - [emulator-5554] environment.properties up-to-date (skip duplicate).
2026-08-23 23:02:00.981 INFO  [main] RUN - [emulator-5554] Screen recording started.
2026-08-23 23:02:03.819 INFO  [main] RUN - [emulator-5554] Recording discarded (status: SUCCESS): testLoginFixed
2026-08-23 23:02:13.099 INFO  [main] RUN - [emulator-5554] environment.properties up-to-date (skip duplicate).
2026-08-23 23:02:13.814 INFO  [main] RUN - [emulator-5554] Screen recording started.
2026-08-23 23:02:16.997 INFO  [main] RUN - [emulator-5554] Recording discarded (status: SUCCESS): testLoginFixed
2026-08-23 23:02:24.866 INFO  [main] RUN - [emulator-5554] environment.properties up-to-date (skip duplicate).
2026-08-23 23:02:25.452 INFO  [main] RUN - [emulator-5554] Screen recording started.
2026-08-23 23:02:44.309 INFO  [main] RUN - [emulator-5554] Recording discarded (status: SUCCESS): testCheckoutFlow
2026-08-23 23:02:44.770 INFO  [main] RUN - Suite finished: Appium CSV Non-Parallel
2026-08-23 23:06:25.851 INFO  [main] RUN - Allure history injected.
2026-08-23 23:06:50.043 INFO  [main] RUN - [emulator-5554] environment.properties up-to-date (skip duplicate).
2026-08-23 23:06:50.725 INFO  [main] RUN - [emulator-5554] Screen recording started.
2026-08-23 23:06:54.153 INFO  [main] RUN - [emulator-5554] Recording discarded (status: SUCCESS): testLoginFixed
2026-08-23 23:07:03.935 INFO  [main] RUN - [emulator-5554] environment.properties up-to-date (skip duplicate).
2026-08-23 23:07:04.666 INFO  [main] RUN - [emulator-5554] Screen recording started.
2026-08-23 23:07:07.088 INFO  [main] RUN - [emulator-5554] Recording discarded (status: SUCCESS): testLoginFixed
2026-08-23 23:07:18.270 INFO  [main] RUN - [emulator-5554] environment.properties up-to-date (skip duplicate).
2026-08-23 23:07:19.588 INFO  [main] RUN - [emulator-5554] Screen recording started.
2026-08-23 23:07:22.911 INFO  [main] RUN - [emulator-5554] Recording discarded (status: SUCCESS): testLoginFixed
2026-08-23 23:07:34.442 INFO  [main] RUN - [emulator-5554] environment.properties up-to-date (skip duplicate).
2026-08-23 23:07:35.339 INFO  [main] RUN - [emulator-5554] Screen recording started.
2026-08-23 23:07:38.581 INFO  [main] RUN - [emulator-5554] Recording discarded (status: SUCCESS): testLoginFixed
2026-08-23 23:07:48.580 INFO  [main] RUN - [emulator-5554] environment.properties up-to-date (skip duplicate).
2026-08-23 23:07:49.309 INFO  [main] RUN - [emulator-5554] Screen recording started.
2026-08-23 23:07:53.428 INFO  [main] RUN - [emulator-5554] Recording discarded (status: SUCCESS): testLoginFixed
2026-08-23 23:08:01.672 INFO  [main] RUN - [emulator-5554] environment.properties up-to-date (skip duplicate).
2026-08-23 23:08:02.323 INFO  [main] RUN - [emulator-5554] Screen recording started.
2026-08-23 23:08:28.839 INFO  [main] RUN - [emulator-5554] Recording discarded (status: SUCCESS): testCheckoutFlow
2026-08-23 23:08:29.402 INFO  [main] RUN - Suite finished: Appium CSV Non-Parallel
2026-08-23 23:08:44.339 INFO  [main] RUN - Allure history injected.
2026-08-23 23:08:55.798 INFO  [main] RUN - [emulator-5554] environment.properties up-to-date (skip duplicate).
2026-08-23 23:08:56.504 INFO  [main] RUN - [emulator-5554] Screen recording started.
2026-08-23 23:09:00.367 INFO  [main] RUN - [emulator-5554] Recording discarded (status: SUCCESS): testLoginFixed
2026-08-23 23:09:09.817 INFO  [main] RUN - [emulator-5554] environment.properties up-to-date (skip duplicate).
2026-08-23 23:09:10.527 INFO  [main] RUN - [emulator-5554] Screen recording started.
2026-08-23 23:09:13.766 INFO  [main] RUN - [emulator-5554] Recording discarded (status: SUCCESS): testLoginFixed
2026-08-23 23:09:23.728 INFO  [main] RUN - [emulator-5554] environment.properties up-to-date (skip duplicate).
2026-08-23 23:09:24.498 INFO  [main] RUN - [emulator-5554] Screen recording started.
2026-08-23 23:09:27.699 INFO  [main] RUN - [emulator-5554] Recording discarded (status: SUCCESS): testLoginFixed
2026-08-23 23:09:38.349 INFO  [main] RUN - [emulator-5554] environment.properties up-to-date (skip duplicate).
2026-08-23 23:09:39.195 INFO  [main] RUN - [emulator-5554] Screen recording started.
2026-08-23 23:09:43.231 INFO  [main] RUN - [emulator-5554] Recording discarded (status: SUCCESS): testLoginFixed
2026-08-23 23:09:54.072 INFO  [main] RUN - [emulator-5554] environment.properties up-to-date (skip duplicate).
2026-08-23 23:09:54.881 INFO  [main] RUN - [emulator-5554] Screen recording started.
2026-08-23 23:09:58.989 INFO  [main] RUN - [emulator-5554] Recording discarded (status: SUCCESS): testLoginFixed
2026-08-23 23:10:07.254 INFO  [main] RUN - [emulator-5554] environment.properties up-to-date (skip duplicate).
2026-08-23 23:10:07.891 INFO  [main] RUN - [emulator-5554] Screen recording started.
2026-08-23 23:10:32.344 INFO  [main] RUN - [emulator-5554] Recording discarded (status: SUCCESS): testCheckoutFlow
2026-08-23 23:10:33.336 INFO  [main] RUN - Suite finished: Appium CSV Non-Parallel
2026-08-23 23:11:21.969 INFO  [main] RUN - Allure history injected.
2026-08-23 23:11:31.514 INFO  [main] RUN - [emulator-5554] environment.properties up-to-date (skip duplicate).
2026-08-23 23:11:32.280 INFO  [main] RUN - [emulator-5554] Screen recording started.
2026-08-23 23:11:35.992 INFO  [main] RUN - [emulator-5554] Recording discarded (status: SUCCESS): testLoginFixed
2026-08-23 23:11:45.686 INFO  [main] RUN - [emulator-5554] environment.properties up-to-date (skip duplicate).
2026-08-23 23:11:46.494 INFO  [main] RUN - [emulator-5554] Screen recording started.
2026-08-23 23:11:49.581 INFO  [main] RUN - [emulator-5554] Recording discarded (status: SUCCESS): testLoginFixed
2026-08-23 23:11:58.998 INFO  [main] RUN - [emulator-5554] environment.properties up-to-date (skip duplicate).
2026-08-23 23:11:59.810 INFO  [main] RUN - [emulator-5554] Screen recording started.
2026-08-23 23:12:02.588 INFO  [main] RUN - [emulator-5554] Recording discarded (status: SUCCESS): testLoginFixed
2026-08-23 23:12:11.854 INFO  [main] RUN - [emulator-5554] environment.properties up-to-date (skip duplicate).
2026-08-23 23:12:12.616 INFO  [main] RUN - [emulator-5554] Screen recording started.
2026-08-23 23:12:15.558 INFO  [main] RUN - [emulator-5554] Recording discarded (status: SUCCESS): testLoginFixed
2026-08-23 23:12:25.143 INFO  [main] RUN - [emulator-5554] environment.properties up-to-date (skip duplicate).
2026-08-23 23:12:25.924 INFO  [main] RUN - [emulator-5554] Screen recording started.
2026-08-23 23:12:29.076 INFO  [main] RUN - [emulator-5554] Recording discarded (status: SUCCESS): testLoginFixed
2026-08-23 23:12:36.796 INFO  [main] RUN - [emulator-5554] environment.properties up-to-date (skip duplicate).
2026-08-23 23:12:37.381 INFO  [main] RUN - [emulator-5554] Screen recording started.
2026-08-23 23:13:00.225 INFO  [main] RUN - [emulator-5554] Recording discarded (status: SUCCESS): testCheckoutFlow
2026-08-23 23:13:00.706 INFO  [main] RUN - Suite finished: Appium CSV Non-Parallel
2026-08-23 23:17:41.348 INFO  [main] RUN - Allure history injected.
2026-08-23 23:17:49.307 INFO  [main] RUN - [emulator-5554] environment.properties up-to-date (skip duplicate).
2026-08-23 23:17:49.884 INFO  [main] RUN - [emulator-5554] Screen recording started.
2026-08-23 23:17:53.081 INFO  [main] RUN - [emulator-5554] Recording discarded (status: SUCCESS): testLoginFixed
2026-08-23 23:18:00.620 INFO  [main] RUN - [emulator-5554] environment.properties up-to-date (skip duplicate).
2026-08-23 23:18:01.190 INFO  [main] RUN - [emulator-5554] Screen recording started.
2026-08-23 23:18:03.674 INFO  [main] RUN - [emulator-5554] Recording discarded (status: SUCCESS): testLoginFixed
2026-08-23 23:18:11.643 INFO  [main] RUN - [emulator-5554] environment.properties up-to-date (skip duplicate).
2026-08-23 23:18:12.251 INFO  [main] RUN - [emulator-5554] Screen recording started.
2026-08-23 23:18:14.668 INFO  [main] RUN - [emulator-5554] Recording discarded (status: SUCCESS): testLoginFixed
2026-08-23 23:18:21.848 INFO  [main] RUN - [emulator-5554] environment.properties up-to-date (skip duplicate).
2026-08-23 23:18:22.445 INFO  [main] RUN - [emulator-5554] Screen recording started.
2026-08-23 23:18:25.295 INFO  [main] RUN - [emulator-5554] Recording discarded (status: SUCCESS): testLoginFixed
2026-08-23 23:18:32.263 INFO  [main] RUN - [emulator-5554] environment.properties up-to-date (skip duplicate).
2026-08-23 23:18:32.846 INFO  [main] RUN - [emulator-5554] Screen recording started.
2026-08-23 23:18:35.991 INFO  [main] RUN - [emulator-5554] Recording discarded (status: SUCCESS): testLoginFixed
2026-08-23 23:18:43.101 INFO  [main] RUN - [emulator-5554] environment.properties up-to-date (skip duplicate).
2026-08-23 23:18:43.670 INFO  [main] RUN - [emulator-5554] Screen recording started.
2026-08-23 23:19:07.365 INFO  [main] RUN - [emulator-5554] Recording discarded (status: SUCCESS): testCheckoutFlow
2026-08-23 23:19:08.237 INFO  [main] RUN - Suite finished: Appium CSV Non-Parallel
